<html>
<body>
<pre>
<h1>µVision Build Log</h1>
<h2>Project:</h2>
C:\Users\Jesus Luciano\Desktop\Senior_Project\TURRET_CODE_BASIC\BT_Car.uvproj
Project File Date:  05/10/2019

<h2>Output:</h2>
Rebuild target 'UART'
assembling startup.s...
compiling PLL.c...
compiling UART.c...
compiling UARTTestMain.c...
UARTTestMain.c(53): warning:  #550-D: variable "delay" was set but never used
  void PortA_Init(){ unsigned long delay;
UARTTestMain.c(80): warning:  #550-D: variable "delay" was set but never used
  void PortC_Init(){ unsigned long delay;
UARTTestMain.c(92): warning:  #550-D: variable "delay" was set but never used
  void PortB_Init(){ unsigned long delay;
UARTTestMain.c(102): warning:  #550-D: variable "delay" was set but never used
  void PortF_Init(){ unsigned long delay;//for LED debugging
UARTTestMain.c: 4 warnings, 0 errors
linking...
Program Size: Code=4412 RO-data=32 RW-data=56 ZI-data=1120  
".\UART.axf" - 0 Error(s), 4 Warning(s).
Load "C:\\Users\\Jesus Luciano\\Desktop\\Senior_Project\\TURRET_CODE_BASIC\\UART.axf" 
Connecting: Mode=JTAG, Speed=1000000Hz
Erase Done.
Programming Done.
Verify OK.
ash Download failed  -  Target DLL has been cancelled
Load "C:\\Users\\Jesus Luciano\\Desktop\\Senior_Project\\TURRET_CODE_BASIC\\UART.axf" 
Connecting: Mode=JTAG, Speed=1000000Hz
Erase Done.
Programming Done.
Verify OK.
