<html>
<body>
<pre>
<h1>µVision Build Log</h1>
<h2>Project:</h2>
C:\Users\Jesus Luciano\Desktop\ALTF4\ALTF4_GLOVE_TM4C\BT_Car.uvproj
Project File Date:  11/02/2019

<h2>Output:</h2>
Rebuild target 'UART'
assembling startup.s...
compiling PLL.c...
compiling UART.c...
compiling UARTTestMain.c...
UARTTestMain.c(38): warning:  #550-D: variable "delay" was set but never used
  void PortF_Init(){ unsigned long delay;//for LED debugging
UARTTestMain.c: 1 warning, 0 errors
linking...
Program Size: Code=2272 RO-data=32 RW-data=24 ZI-data=1120  
".\UART.axf" - 0 Error(s), 1 Warning(s).
Load "C:\\Users\\Jesus Luciano\\Desktop\\ALTF4\\ALTF4_GLOVE_TM4C\\UART.axf" 
Connecting: Mode=JTAG, Speed=1000000Hz
Erase Done.
Programming Done.
Verify OK.
</pre>
</body>
</html>
