<html>
<body>
<pre>
<h1>µVision Build Log</h1>
<h2>Project:</h2>
C:\Users\Jesus Luciano\Desktop\ALTF4\ALTF4_GLOVE_TM4C\BT_Car.uvproj
Project File Date:  11/02/2019

<h2>Output:</h2>
Rebuild target 'UART'
assembling startup.s...
compiling PLL.c...
compiling UART.c...
compiling UARTTestMain.c...
linking...
Program Size: Code=2528 RO-data=32 RW-data=28 ZI-data=1124  
".\UART.axf" - 0 Error(s), 0 Warning(s).
</pre>
</body>
</html>
iano\\Desktop\\ALTF4\\ALTF4_GLOVE_TM4C\\UART.axf" 
Connecting: Mode=JTAG, Speed=1000000Hz
Erase Done.
Programming Done.
Verify OK.
