<html>
<body>
<pre>
<h1>µVision Build Log</h1>
<h2>Project:</h2>
C:\Users\Jesus Luciano\Desktop\Senior_Project\SYSTICK_TEST\BT_Car.uvproj
Project File Date:  05/10/2019

<h2>Output:</h2>
Rebuild target 'UART'
assembling startup.s...
compiling PLL.c...
compiling UART.c...
compiling UARTTestMain.c...
UARTTestMain.c(108): warning:  #550-D: variable "delay" was set but never used
  void PortA_Init(){ unsigned long delay;
UARTTestMain.c(135): warning:  #550-D: variable "delay" was set but never used
  void PortC_Init(){ unsigned long delay;
UARTTestMain.c(147): warning:  #550-D: variable "delay" was set but never used
  void PortB_Init(){ unsigned long delay;
UARTTestMain.c(157): warning:  #550-D: variable "delay" was set but never used
  void PortF_Init(){ unsigned long delay;//for LED debugging
UARTTestMain.c: 4 warnings, 0 errors
linking...
Program Size: Code=4936 RO-data=32 RW-data=108 ZI-data=1124  
".\UART.axf" - 0 Error(s), 4 Warning(s).
Load "C:\\Users\\Jesus Luciano\\Desktop\\Senior_Project\\SYSTICK_TEST\\UART.axf" 
Connecting: Mode=JTAG, Speed=1000000Hz
Erase Done.
Programming Done.
Verify OK.
</pre>
</body>
</html>
iano\\Desktop\\Senior_Project\\SYSTICK_TEST\\UART.axf" 
Connecting: Mode=JTAG, Speed=1000000Hz
Erase Done.
Programming Done.
Verify OK.
data=1124  
".\UART.axf" - 0 Error(s), 7 Warning(s).
was declared but never referenced
        unsigned long speed, dir, pos;
UARTTestMain.c: 7 warnings, 2 errors
".\UART.axf" - 2 Error(s), 7 Warning(s).
Target not created
