ARM Linker, 5.03 [Build 76] [MDK-ARM Lite]

==============================================================================

Section Cross References

    startup.o(STACK) refers (Special) to heapauxi.o(.text) for __use_two_region_memory
    startup.o(HEAP) refers (Special) to heapauxi.o(.text) for __use_two_region_memory
    startup.o(RESET) refers (Special) to heapauxi.o(.text) for __use_two_region_memory
    startup.o(RESET) refers to startup.o(STACK) for StackMem
    startup.o(RESET) refers to uarttestmain.o(i.SysTick_Handler) for SysTick_Handler
    startup.o(RESET) refers to uarttestmain.o(i.GPIOPortF_Handler) for GPIOPortF_Handler
    startup.o(RESET) refers to __main.o(!!!main) for __main
    startup.o(.text) refers (Special) to heapauxi.o(.text) for __use_two_region_memory
    startup.o(.text) refers to startup.o(HEAP) for HeapMem
    startup.o(.text) refers to startup.o(STACK) for StackMem
    uart.o(i.UART_InString) refers to uart.o(i.UART_InChar) for UART_InChar
    uart.o(i.UART_InString) refers to uart.o(i.UART_OutChar) for UART_OutChar
    uart.o(i.UART_InUDec) refers to uart.o(i.UART_InChar) for UART_InChar
    uart.o(i.UART_InUDec) refers to uart.o(i.UART_OutChar) for UART_OutChar
    uart.o(i.UART_InUHex) refers to uart.o(i.UART_InChar) for UART_InChar
    uart.o(i.UART_InUHex) refers to uart.o(i.UART_OutChar) for UART_OutChar
    uart.o(i.UART_OutString) refers to uart.o(i.UART_OutChar) for UART_OutChar
    uart.o(i.UART_OutUDec) refers to uart.o(i.UART_OutChar) for UART_OutChar
    uart.o(i.UART_OutUHex) refers to uart.o(i.UART_OutChar) for UART_OutChar
    uarttestmain.o(i.ActivateGun) refers to uarttestmain.o(.data) for FiringFlag
    uarttestmain.o(i.DeactivateGun) refers to uarttestmain.o(.data) for FiringFlag
    uarttestmain.o(i.GPIOPortF_Handler) refers to uarttestmain.o(i.LaserOn) for LaserOn
    uarttestmain.o(i.GPIOPortF_Handler) refers to uarttestmain.o(i.LaserOff) for LaserOff
    uarttestmain.o(i.GetBluetooth) refers to bluetooth.o(i.UART2_NonBlockingInChar) for UART2_NonBlockingInChar
    uarttestmain.o(i.GetBluetooth) refers to uarttestmain.o(i.ActivateGun) for ActivateGun
    uarttestmain.o(i.GetBluetooth) refers to uarttestmain.o(i.DeactivateGun) for DeactivateGun
    uarttestmain.o(i.GetBluetooth) refers to uarttestmain.o(.data) for GreenLaserOnFlag
    uarttestmain.o(i.GetUART) refers to uart.o(i.UART_InString) for UART_InString
    uarttestmain.o(i.GetUART) refers to strcmpv7m.o(.text) for strcmp
    uarttestmain.o(i.GetUART) refers to uart.o(i.UART_InUDec) for UART_InUDec
    uarttestmain.o(i.GetUART) refers to uarttestmain.o(i.UpdateServo) for UpdateServo
    uarttestmain.o(i.GetUART) refers to uarttestmain.o(i.LaserOn) for LaserOn
    uarttestmain.o(i.GetUART) refers to atoi.o(.text) for atoi
    uarttestmain.o(i.GetUART) refers to uarttestmain.o(i.LaserOff) for LaserOff
    uarttestmain.o(i.GetUART) refers to uarttestmain.o(.data) for STRT
    uarttestmain.o(i.LaserOff) refers to uarttestmain.o(.data) for NewDataFlag
    uarttestmain.o(i.LaserOn) refers to uarttestmain.o(.data) for NewDataFlag
    uarttestmain.o(i.LaserToggle) refers to uarttestmain.o(.data) for NewDataFlag
    uarttestmain.o(i.OutCRLF) refers to uart.o(i.UART_OutChar) for UART_OutChar
    uarttestmain.o(i.ServoFeedback) refers to uarttestmain.o(i.UpdateServo) for UpdateServo
    uarttestmain.o(i.ServoFeedback) refers to uarttestmain.o(.data) for yRed
    uarttestmain.o(i.StepOut) refers to uarttestmain.o(i.step_right) for step_right
    uarttestmain.o(i.StepOut) refers to uarttestmain.o(i.step_left) for step_left
    uarttestmain.o(i.StepOut) refers to uarttestmain.o(.data) for xRed
    uarttestmain.o(i.SysTick_Handler) refers to uarttestmain.o(.data) for step_en
    uarttestmain.o(i.main) refers to uarttestmain.o(i.PortA_Init) for PortA_Init
    uarttestmain.o(i.main) refers to uarttestmain.o(i.PortB_Init) for PortB_Init
    uarttestmain.o(i.main) refers to uarttestmain.o(i.PortC_Init) for PortC_Init
    uarttestmain.o(i.main) refers to uarttestmain.o(i.PortF_Init) for PortF_Init
    uarttestmain.o(i.main) refers to uarttestmain.o(i.SysTick_Init) for SysTick_Init
    uarttestmain.o(i.main) refers to uart.o(i.UART_Init) for UART_Init
    uarttestmain.o(i.main) refers to bluetooth.o(i.BT_Init) for BT_Init
    uarttestmain.o(i.main) refers to uarttestmain.o(i.UpdateServo) for UpdateServo
    uarttestmain.o(i.main) refers to uarttestmain.o(i.step_thirtysecond) for step_thirtysecond
    uarttestmain.o(i.main) refers to uarttestmain.o(i.GetBluetooth) for GetBluetooth
    uarttestmain.o(i.main) refers to uarttestmain.o(i.GetUART) for GetUART
    uarttestmain.o(i.main) refers to uarttestmain.o(i.ServoFeedback) for ServoFeedback
    uarttestmain.o(i.main) refers to uarttestmain.o(i.StepOut) for StepOut
    uarttestmain.o(i.main) refers to uarttestmain.o(.data) for servo_basic
    bluetooth.o(i.BT_Init) refers to bluetooth.o(i.Delay) for Delay
    bluetooth.o(i.UART2_InString) refers to bluetooth.o(i.UART2_InChar) for UART2_InChar
    bluetooth.o(i.UART2_InString) refers to bluetooth.o(i.UART2_OutChar) for UART2_OutChar
    bluetooth.o(i.UART2_OutCRLF) refers to bluetooth.o(i.UART2_OutChar) for UART2_OutChar
    bluetooth.o(i.UART2_OutString) refers to bluetooth.o(i.UART2_OutChar) for UART2_OutChar
    atoi.o(.text) refers to rt_errno_addr_intlibspace.o(.text) for __aeabi_errno_addr
    atoi.o(.text) refers to strtol.o(.text) for strtol
    __main.o(!!!main) refers to rtentry.o(.ARM.Collect$$rtentry$$00000000) for __rt_entry
    rtentry.o(.ARM.Collect$$rtentry$$00000000) refers (Special) to rtentry2.o(.ARM.Collect$$rtentry$$0000000A) for __rt_entry_li
    rtentry.o(.ARM.Collect$$rtentry$$00000000) refers (Special) to rtentry2.o(.ARM.Collect$$rtentry$$0000000D) for __rt_entry_main
    rtentry.o(.ARM.Collect$$rtentry$$00000000) refers (Special) to rtentry2.o(.ARM.Collect$$rtentry$$0000000C) for __rt_entry_postli_1
    rtentry.o(.ARM.Collect$$rtentry$$00000000) refers (Special) to rtentry2.o(.ARM.Collect$$rtentry$$00000009) for __rt_entry_postsh_1
    rtentry.o(.ARM.Collect$$rtentry$$00000000) refers (Special) to rtentry2.o(.ARM.Collect$$rtentry$$00000002) for __rt_entry_presh_1
    rtentry.o(.ARM.Collect$$rtentry$$00000000) refers (Special) to rtentry4.o(.ARM.Collect$$rtentry$$00000004) for __rt_entry_sh
    rt_errno_addr.o(.text) refers to rt_errno_addr.o(.bss) for __aeabi_errno_addr_data
    rt_errno_addr_intlibspace.o(.text) refers to libspace.o(.bss) for __libspace_start
    strtol.o(.text) refers to rt_ctype_table.o(.text) for __rt_ctype_table
    strtol.o(.text) refers to _strtoul.o(.text) for _strtoul
    strtol.o(.text) refers to rt_errno_addr_intlibspace.o(.text) for __aeabi_errno_addr
    libspace.o(.text) refers to libspace.o(.bss) for __libspace_start
    rtentry2.o(.ARM.Collect$$rtentry$$00000008) refers to boardinit2.o(.text) for _platform_post_stackheap_init
    rtentry2.o(.ARM.Collect$$rtentry$$0000000A) refers to libinit.o(.ARM.Collect$$libinit$$00000000) for __rt_lib_init
    rtentry2.o(.ARM.Collect$$rtentry$$0000000B) refers to boardinit3.o(.text) for _platform_post_lib_init
    rtentry2.o(.ARM.Collect$$rtentry$$0000000D) refers to uarttestmain.o(i.main) for main
    rtentry2.o(.ARM.Collect$$rtentry$$0000000D) refers to exit.o(.text) for exit
    rtentry2.o(.ARM.exidx) refers to rtentry2.o(.ARM.Collect$$rtentry$$00000001) for .ARM.Collect$$rtentry$$00000001
    rtentry2.o(.ARM.exidx) refers to rtentry2.o(.ARM.Collect$$rtentry$$00000008) for .ARM.Collect$$rtentry$$00000008
    rtentry2.o(.ARM.exidx) refers to rtentry2.o(.ARM.Collect$$rtentry$$0000000A) for .ARM.Collect$$rtentry$$0000000A
    rtentry2.o(.ARM.exidx) refers to rtentry2.o(.ARM.Collect$$rtentry$$0000000B) for .ARM.Collect$$rtentry$$0000000B
    rtentry2.o(.ARM.exidx) refers to rtentry2.o(.ARM.Collect$$rtentry$$0000000D) for .ARM.Collect$$rtentry$$0000000D
    rtentry4.o(.ARM.Collect$$rtentry$$00000004) refers to sys_stackheap_outer.o(.text) for __user_setup_stackheap
    rtentry4.o(.ARM.exidx) refers to rtentry4.o(.ARM.Collect$$rtentry$$00000004) for .ARM.Collect$$rtentry$$00000004
    rt_ctype_table.o(.text) refers to rt_locale_intlibspace.o(.text) for __rt_locale
    rt_ctype_table.o(.text) refers to lc_ctype_c.o(locale$$code) for _get_lc_ctype
    _strtoul.o(.text) refers to _chval.o(.text) for _chval
    _strtoul.o(.text) refers to rt_errno_addr_intlibspace.o(.text) for __aeabi_errno_addr
    sys_stackheap_outer.o(.text) refers to libspace.o(.text) for __user_perproc_libspace
    sys_stackheap_outer.o(.text) refers to startup.o(.text) for __user_initial_stackheap
    rt_locale.o(.text) refers to rt_locale.o(.bss) for __rt_locale_data
    rt_locale_intlibspace.o(.text) refers to libspace.o(.bss) for __libspace_start
    lc_ctype_c.o(locale$$data) refers (Special) to libinit2.o(.ARM.Collect$$libinit$$00000010) for __rt_lib_init_lc_ctype_2
    lc_ctype_c.o(locale$$code) refers (Special) to libinit2.o(.ARM.Collect$$libinit$$00000010) for __rt_lib_init_lc_ctype_2
    lc_ctype_c.o(locale$$code) refers to strcmpv7m.o(.text) for strcmp
    lc_ctype_c.o(locale$$code) refers to lc_ctype_c.o(locale$$data) for __lcctype_c_name
    exit.o(.text) refers to rtexit.o(.ARM.Collect$$rtexit$$00000000) for __rt_exit
    libinit.o(.ARM.Collect$$libinit$$00000000) refers (Special) to libinit2.o(.ARM.Collect$$libinit$$0000002C) for __rt_lib_init_alloca_1
    libinit.o(.ARM.Collect$$libinit$$00000000) refers (Special) to libinit2.o(.ARM.Collect$$libinit$$0000002A) for __rt_lib_init_argv_1
    libinit.o(.ARM.Collect$$libinit$$00000000) refers (Special) to libinit2.o(.ARM.Collect$$libinit$$00000019) for __rt_lib_init_atexit_1
    libinit.o(.ARM.Collect$$libinit$$00000000) refers (Special) to libinit2.o(.ARM.Collect$$libinit$$0000001F) for __rt_lib_init_clock_1
    libinit.o(.ARM.Collect$$libinit$$00000000) refers (Special) to libinit2.o(.ARM.Collect$$libinit$$00000030) for __rt_lib_init_cpp_1
    libinit.o(.ARM.Collect$$libinit$$00000000) refers (Special) to libinit2.o(.ARM.Collect$$libinit$$0000002E) for __rt_lib_init_exceptions_1
    libinit.o(.ARM.Collect$$libinit$$00000000) refers (Special) to libinit2.o(.ARM.Collect$$libinit$$00000002) for __rt_lib_init_fp_1
    libinit.o(.ARM.Collect$$libinit$$00000000) refers (Special) to libinit2.o(.ARM.Collect$$libinit$$0000001D) for __rt_lib_init_fp_trap_1
    libinit.o(.ARM.Collect$$libinit$$00000000) refers (Special) to libinit2.o(.ARM.Collect$$libinit$$00000021) for __rt_lib_init_getenv_1
    libinit.o(.ARM.Collect$$libinit$$00000000) refers (Special) to libinit2.o(.ARM.Collect$$libinit$$00000008) for __rt_lib_init_heap_1
    libinit.o(.ARM.Collect$$libinit$$00000000) refers (Special) to libinit2.o(.ARM.Collect$$libinit$$0000000F) for __rt_lib_init_lc_collate_1
    libinit.o(.ARM.Collect$$libinit$$00000000) refers (Special) to libinit2.o(.ARM.Collect$$libinit$$00000011) for __rt_lib_init_lc_ctype_1
    libinit.o(.ARM.Collect$$libinit$$00000000) refers (Special) to libinit2.o(.ARM.Collect$$libinit$$00000013) for __rt_lib_init_lc_monetary_1
    libinit.o(.ARM.Collect$$libinit$$00000000) refers (Special) to libinit2.o(.ARM.Collect$$libinit$$00000015) for __rt_lib_init_lc_numeric_1
    libinit.o(.ARM.Collect$$libinit$$00000000) refers (Special) to libinit2.o(.ARM.Collect$$libinit$$00000017) for __rt_lib_init_lc_time_1
    libinit.o(.ARM.Collect$$libinit$$00000000) refers (Special) to libinit2.o(.ARM.Collect$$libinit$$0000000C) for __rt_lib_init_rand_1
    libinit.o(.ARM.Collect$$libinit$$00000000) refers (Special) to libinit2.o(.ARM.Collect$$libinit$$00000031) for __rt_lib_init_return
    libinit.o(.ARM.Collect$$libinit$$00000000) refers (Special) to libinit2.o(.ARM.Collect$$libinit$$0000001B) for __rt_lib_init_signal_1
    libinit.o(.ARM.Collect$$libinit$$00000000) refers (Special) to libinit2.o(.ARM.Collect$$libinit$$00000023) for __rt_lib_init_stdio_1
    libinit.o(.ARM.Collect$$libinit$$00000000) refers (Special) to libinit2.o(.ARM.Collect$$libinit$$0000000A) for __rt_lib_init_user_alloc_1
    rtexit.o(.ARM.Collect$$rtexit$$00000000) refers (Special) to rtexit2.o(.ARM.Collect$$rtexit$$00000004) for __rt_exit_exit
    rtexit.o(.ARM.Collect$$rtexit$$00000000) refers (Special) to rtexit2.o(.ARM.Collect$$rtexit$$00000003) for __rt_exit_ls
    rtexit.o(.ARM.Collect$$rtexit$$00000000) refers (Special) to rtexit2.o(.ARM.Collect$$rtexit$$00000002) for __rt_exit_prels_1
    rtexit.o(.ARM.exidx) refers (Special) to rtexit2.o(.ARM.Collect$$rtexit$$00000004) for __rt_exit_exit
    rtexit.o(.ARM.exidx) refers (Special) to rtexit2.o(.ARM.Collect$$rtexit$$00000003) for __rt_exit_ls
    rtexit.o(.ARM.exidx) refers (Special) to rtexit2.o(.ARM.Collect$$rtexit$$00000002) for __rt_exit_prels_1
    rtexit.o(.ARM.exidx) refers to rtexit.o(.ARM.Collect$$rtexit$$00000000) for .ARM.Collect$$rtexit$$00000000
    libinit2.o(.ARM.Collect$$libinit$$0000000D) refers (Weak) to rt_locale_intlibspace.o(.text) for __rt_locale
    libinit2.o(.ARM.Collect$$libinit$$0000000E) refers to libinit2.o(.ARM.Collect$$libinit$$0000000D) for .ARM.Collect$$libinit$$0000000D
    libinit2.o(.ARM.Collect$$libinit$$00000010) refers to libinit2.o(.ARM.Collect$$libinit$$0000000D) for .ARM.Collect$$libinit$$0000000D
    libinit2.o(.ARM.Collect$$libinit$$00000010) refers (Weak) to lc_ctype_c.o(locale$$code) for _get_lc_ctype
    libinit2.o(.ARM.Collect$$libinit$$00000012) refers to libinit2.o(.ARM.Collect$$libinit$$0000000D) for .ARM.Collect$$libinit$$0000000D
    libinit2.o(.ARM.Collect$$libinit$$00000014) refers to libinit2.o(.ARM.Collect$$libinit$$0000000D) for .ARM.Collect$$libinit$$0000000D
    libinit2.o(.ARM.Collect$$libinit$$00000016) refers to libinit2.o(.ARM.Collect$$libinit$$0000000D) for .ARM.Collect$$libinit$$0000000D
    libinit2.o(.ARM.Collect$$libinit$$00000024) refers to argv_veneer.o(.emb_text) for __ARM_argv_veneer
    libinit2.o(.ARM.Collect$$libinit$$00000025) refers to argv_veneer.o(.emb_text) for __ARM_argv_veneer
    rtexit2.o(.ARM.Collect$$rtexit$$00000003) refers to libshutdown.o(.ARM.Collect$$libshutdown$$00000000) for __rt_lib_shutdown
    rtexit2.o(.ARM.Collect$$rtexit$$00000004) refers to sys_exit.o(.text) for _sys_exit
    rtexit2.o(.ARM.exidx) refers to rtexit2.o(.ARM.Collect$$rtexit$$00000001) for .ARM.Collect$$rtexit$$00000001
    rtexit2.o(.ARM.exidx) refers to rtexit2.o(.ARM.Collect$$rtexit$$00000003) for .ARM.Collect$$rtexit$$00000003
    rtexit2.o(.ARM.exidx) refers to rtexit2.o(.ARM.Collect$$rtexit$$00000004) for .ARM.Collect$$rtexit$$00000004
    argv_veneer.o(.emb_text) refers to no_argv.o(.text) for __ARM_get_argv
    sys_exit.o(.text) refers (Special) to use_no_semi.o(.text) for __I$use$semihosting
    sys_exit.o(.text) refers (Special) to indicate_semi.o(.text) for __semihosting_library_function
    _get_argv_nomalloc.o(.text) refers (Special) to hrguard.o(.text) for __heap_region$guard
    _get_argv_nomalloc.o(.text) refers to defsig_rtmem_outer.o(.text) for __rt_SIGRTMEM
    _get_argv_nomalloc.o(.text) refers to sys_command.o(.text) for _sys_command_string
    libshutdown.o(.ARM.Collect$$libshutdown$$00000000) refers (Special) to libshutdown2.o(.ARM.Collect$$libshutdown$$00000006) for __rt_lib_shutdown_fp_trap_1
    libshutdown.o(.ARM.Collect$$libshutdown$$00000000) refers (Special) to libshutdown2.o(.ARM.Collect$$libshutdown$$0000000E) for __rt_lib_shutdown_heap_1
    libshutdown.o(.ARM.Collect$$libshutdown$$00000000) refers (Special) to libshutdown2.o(.ARM.Collect$$libshutdown$$0000000F) for __rt_lib_shutdown_return
    libshutdown.o(.ARM.Collect$$libshutdown$$00000000) refers (Special) to libshutdown2.o(.ARM.Collect$$libshutdown$$00000009) for __rt_lib_shutdown_signal_1
    libshutdown.o(.ARM.Collect$$libshutdown$$00000000) refers (Special) to libshutdown2.o(.ARM.Collect$$libshutdown$$00000003) for __rt_lib_shutdown_stdio_1
    libshutdown.o(.ARM.Collect$$libshutdown$$00000000) refers (Special) to libshutdown2.o(.ARM.Collect$$libshutdown$$0000000B) for __rt_lib_shutdown_user_alloc_1
    sys_command.o(.text) refers (Special) to use_no_semi.o(.text) for __I$use$semihosting
    sys_command.o(.text) refers (Special) to indicate_semi.o(.text) for __semihosting_library_function
    defsig_rtmem_outer.o(.text) refers to defsig_rtmem_inner.o(.text) for __rt_SIGRTMEM_inner
    defsig_rtmem_outer.o(.text) refers to defsig_exit.o(.text) for __sig_exit
    defsig_rtmem_formal.o(.text) refers to rt_raise.o(.text) for __rt_raise
    rt_raise.o(.text) refers to __raise.o(.text) for __raise
    rt_raise.o(.text) refers to sys_exit.o(.text) for _sys_exit
    defsig_exit.o(.text) refers to sys_exit.o(.text) for _sys_exit
    defsig_rtmem_inner.o(.text) refers to defsig_general.o(.text) for __default_signal_display
    __raise.o(.text) refers to defsig.o(CL$$defsig) for __default_signal_handler
    defsig_general.o(.text) refers to sys_wrch.o(.text) for _ttywrch
    sys_wrch.o(.text) refers (Special) to use_no_semi.o(.text) for __I$use$semihosting
    sys_wrch.o(.text) refers (Special) to indicate_semi.o(.text) for __semihosting_library_function
    defsig.o(CL$$defsig) refers to defsig_rtmem_inner.o(.text) for __rt_SIGRTMEM_inner
    defsig_abrt_inner.o(.text) refers to defsig_general.o(.text) for __default_signal_display
    defsig_fpe_inner.o(.text) refers to defsig_general.o(.text) for __default_signal_display
    defsig_rtred_inner.o(.text) refers to defsig_general.o(.text) for __default_signal_display
    defsig_stak_inner.o(.text) refers to defsig_general.o(.text) for __default_signal_display
    defsig_pvfn_inner.o(.text) refers to defsig_general.o(.text) for __default_signal_display
    defsig_cppl_inner.o(.text) refers to defsig_general.o(.text) for __default_signal_display
    defsig_segv_inner.o(.text) refers to defsig_general.o(.text) for __default_signal_display
    defsig_other.o(.text) refers to defsig_general.o(.text) for __default_signal_display


==============================================================================

Removing Unused input sections from the image.

    Removing pll.o(i.PLL_Init), (124 bytes).
    Removing uart.o(i.UART_InUHex), (104 bytes).
    Removing uart.o(i.UART_OutString), (22 bytes).
    Removing uart.o(i.UART_OutUDec), (42 bytes).
    Removing uart.o(i.UART_OutUHex), (52 bytes).
    Removing uarttestmain.o(i.LaserToggle), (44 bytes).
    Removing uarttestmain.o(i.OutCRLF), (16 bytes).
    Removing uarttestmain.o(i.step_eighth), (28 bytes).
    Removing uarttestmain.o(i.step_full), (24 bytes).
    Removing uarttestmain.o(i.step_half), (28 bytes).
    Removing uarttestmain.o(i.step_quarter), (28 bytes).
    Removing uarttestmain.o(i.step_sixteenth), (28 bytes).
    Removing bluetooth.o(i.UART2_InChar), (24 bytes).
    Removing bluetooth.o(i.UART2_InString), (66 bytes).
    Removing bluetooth.o(i.UART2_OutCRLF), (16 bytes).
    Removing bluetooth.o(i.UART2_OutChar), (24 bytes).
    Removing bluetooth.o(i.UART2_OutString), (22 bytes).

17 unused section(s) (total 692 bytes) removed from the image.

==============================================================================

Image Symbol Table

    Local Symbols

    Symbol Name                              Value     Ov Type        Size  Object(Section)

    RESET                                    0x00000000   Section      644  startup.o(RESET)
    ../clib/angel/boardlib.s                 0x00000000   Number         0  boardinit2.o ABSOLUTE
    ../clib/angel/boardlib.s                 0x00000000   Number         0  boardinit1.o ABSOLUTE
    ../clib/angel/boardlib.s                 0x00000000   Number         0  boardinit3.o ABSOLUTE
    ../clib/angel/boardlib.s                 0x00000000   Number         0  boardshut.o ABSOLUTE
    ../clib/angel/handlers.s                 0x00000000   Number         0  __scatter_copy.o ABSOLUTE
    ../clib/angel/handlers.s                 0x00000000   Number         0  __scatter_zi.o ABSOLUTE
    ../clib/angel/kernel.s                   0x00000000   Number         0  rtentry4.o ABSOLUTE
    ../clib/angel/kernel.s                   0x00000000   Number         0  rtentry.o ABSOLUTE
    ../clib/angel/kernel.s                   0x00000000   Number         0  rtexit2.o ABSOLUTE
    ../clib/angel/kernel.s                   0x00000000   Number         0  rtexit.o ABSOLUTE
    ../clib/angel/kernel.s                   0x00000000   Number         0  rtentry2.o ABSOLUTE
    ../clib/angel/rt.s                       0x00000000   Number         0  rt_ctype_table.o ABSOLUTE
    ../clib/angel/rt.s                       0x00000000   Number         0  rt_errno_addr_intlibspace.o ABSOLUTE
    ../clib/angel/rt.s                       0x00000000   Number         0  rt_errno_addr.o ABSOLUTE
    ../clib/angel/rt.s                       0x00000000   Number         0  rt_locale.o ABSOLUTE
    ../clib/angel/rt.s                       0x00000000   Number         0  rt_locale_intlibspace.o ABSOLUTE
    ../clib/angel/rt.s                       0x00000000   Number         0  rt_raise.o ABSOLUTE
    ../clib/angel/scatter.s                  0x00000000   Number         0  __scatter.o ABSOLUTE
    ../clib/angel/startup.s                  0x00000000   Number         0  __main.o ABSOLUTE
    ../clib/angel/sys.s                      0x00000000   Number         0  indicate_semi.o ABSOLUTE
    ../clib/angel/sys.s                      0x00000000   Number         0  sys_stackheap_outer.o ABSOLUTE
    ../clib/angel/sys.s                      0x00000000   Number         0  libspace.o ABSOLUTE
    ../clib/angel/sys.s                      0x00000000   Number         0  use_no_semi.o ABSOLUTE
    ../clib/angel/sysapp.c                   0x00000000   Number         0  sys_command.o ABSOLUTE
    ../clib/angel/sysapp.c                   0x00000000   Number         0  sys_wrch.o ABSOLUTE
    ../clib/angel/sysapp.c                   0x00000000   Number         0  sys_exit.o ABSOLUTE
    ../clib/armsys.c                         0x00000000   Number         0  argv_veneer.o ABSOLUTE
    ../clib/armsys.c                         0x00000000   Number         0  argv_veneer.o ABSOLUTE
    ../clib/armsys.c                         0x00000000   Number         0  no_argv.o ABSOLUTE
    ../clib/armsys.c                         0x00000000   Number         0  _get_argv_nomalloc.o ABSOLUTE
    ../clib/heapalloc.c                      0x00000000   Number         0  hrguard.o ABSOLUTE
    ../clib/heapaux.c                        0x00000000   Number         0  heapauxi.o ABSOLUTE
    ../clib/libinit.s                        0x00000000   Number         0  libinit2.o ABSOLUTE
    ../clib/libinit.s                        0x00000000   Number         0  libshutdown2.o ABSOLUTE
    ../clib/libinit.s                        0x00000000   Number         0  libinit.o ABSOLUTE
    ../clib/libinit.s                        0x00000000   Number         0  libshutdown.o ABSOLUTE
    ../clib/locale.s                         0x00000000   Number         0  lc_ctype_c.o ABSOLUTE
    ../clib/memcpset.s                       0x00000000   Number         0  strcmpv7m.o ABSOLUTE
    ../clib/scanf.c                          0x00000000   Number         0  _chval.o ABSOLUTE
    ../clib/scanf.c                          0x00000000   Number         0  _strtoul.o ABSOLUTE
    ../clib/scanf.c                          0x00000000   Number         0  strtol.o ABSOLUTE
    ../clib/scanf.c                          0x00000000   Number         0  atoi.o ABSOLUTE
    ../clib/signal.c                         0x00000000   Number         0  defsig_cppl_inner.o ABSOLUTE
    ../clib/signal.c                         0x00000000   Number         0  defsig_pvfn_inner.o ABSOLUTE
    ../clib/signal.c                         0x00000000   Number         0  defsig_stak_inner.o ABSOLUTE
    ../clib/signal.c                         0x00000000   Number         0  defsig_rtmem_outer.o ABSOLUTE
    ../clib/signal.c                         0x00000000   Number         0  defsig_fpe_inner.o ABSOLUTE
    ../clib/signal.c                         0x00000000   Number         0  defsig_abrt_inner.o ABSOLUTE
    ../clib/signal.c                         0x00000000   Number         0  defsig_general.o ABSOLUTE
    ../clib/signal.c                         0x00000000   Number         0  __raise.o ABSOLUTE
    ../clib/signal.c                         0x00000000   Number         0  defsig_rtmem_inner.o ABSOLUTE
    ../clib/signal.c                         0x00000000   Number         0  defsig_exit.o ABSOLUTE
    ../clib/signal.c                         0x00000000   Number         0  defsig_rtred_inner.o ABSOLUTE
    ../clib/signal.c                         0x00000000   Number         0  defsig_rtmem_formal.o ABSOLUTE
    ../clib/signal.c                         0x00000000   Number         0  defsig_other.o ABSOLUTE
    ../clib/signal.c                         0x00000000   Number         0  defsig_segv_inner.o ABSOLUTE
    ../clib/signal.s                         0x00000000   Number         0  defsig.o ABSOLUTE
    ../clib/stdlib.c                         0x00000000   Number         0  exit.o ABSOLUTE
    ../fplib/fpinit.s                        0x00000000   Number         0  fpinit.o ABSOLUTE
    PLL.c                                    0x00000000   Number         0  pll.o ABSOLUTE
    UART.c                                   0x00000000   Number         0  uart.o ABSOLUTE
    UARTTestMain.c                           0x00000000   Number         0  uarttestmain.o ABSOLUTE
    bluetooth.c                              0x00000000   Number         0  bluetooth.o ABSOLUTE
    dc.s                                     0x00000000   Number         0  dc.o ABSOLUTE
    startup.s                                0x00000000   Number         0  startup.o ABSOLUTE
    !!!main                                  0x00000284   Section        8  __main.o(!!!main)
    !!!scatter                               0x0000028c   Section       52  __scatter.o(!!!scatter)
    !!handler_copy                           0x000002c0   Section       26  __scatter_copy.o(!!handler_copy)
    !!handler_zi                             0x000002dc   Section       28  __scatter_zi.o(!!handler_zi)
    .ARM.Collect$$libinit$$00000000          0x000002f8   Section        2  libinit.o(.ARM.Collect$$libinit$$00000000)
    .ARM.Collect$$libinit$$00000002          0x000002fa   Section        0  libinit2.o(.ARM.Collect$$libinit$$00000002)
    .ARM.Collect$$libinit$$00000008          0x000002fa   Section        0  libinit2.o(.ARM.Collect$$libinit$$00000008)
    .ARM.Collect$$libinit$$0000000A          0x000002fa   Section        0  libinit2.o(.ARM.Collect$$libinit$$0000000A)
    .ARM.Collect$$libinit$$0000000C          0x000002fa   Section        0  libinit2.o(.ARM.Collect$$libinit$$0000000C)
    .ARM.Collect$$libinit$$0000000D          0x000002fa   Section        6  libinit2.o(.ARM.Collect$$libinit$$0000000D)
    .ARM.Collect$$libinit$$0000000F          0x00000300   Section        0  libinit2.o(.ARM.Collect$$libinit$$0000000F)
    .ARM.Collect$$libinit$$00000010          0x00000300   Section       12  libinit2.o(.ARM.Collect$$libinit$$00000010)
    .ARM.Collect$$libinit$$00000011          0x0000030c   Section        0  libinit2.o(.ARM.Collect$$libinit$$00000011)
    .ARM.Collect$$libinit$$00000013          0x0000030c   Section        0  libinit2.o(.ARM.Collect$$libinit$$00000013)
    .ARM.Collect$$libinit$$00000015          0x0000030c   Section        0  libinit2.o(.ARM.Collect$$libinit$$00000015)
    .ARM.Collect$$libinit$$00000017          0x0000030c   Section        0  libinit2.o(.ARM.Collect$$libinit$$00000017)
    .ARM.Collect$$libinit$$00000019          0x0000030c   Section        0  libinit2.o(.ARM.Collect$$libinit$$00000019)
    .ARM.Collect$$libinit$$0000001B          0x0000030c   Section        0  libinit2.o(.ARM.Collect$$libinit$$0000001B)
    .ARM.Collect$$libinit$$0000001D          0x0000030c   Section        0  libinit2.o(.ARM.Collect$$libinit$$0000001D)
    .ARM.Collect$$libinit$$0000001F          0x0000030c   Section        0  libinit2.o(.ARM.Collect$$libinit$$0000001F)
    .ARM.Collect$$libinit$$00000021          0x0000030c   Section        0  libinit2.o(.ARM.Collect$$libinit$$00000021)
    .ARM.Collect$$libinit$$00000023          0x0000030c   Section        0  libinit2.o(.ARM.Collect$$libinit$$00000023)
    .ARM.Collect$$libinit$$0000002A          0x0000030c   Section        0  libinit2.o(.ARM.Collect$$libinit$$0000002A)
    .ARM.Collect$$libinit$$0000002C          0x0000030c   Section        0  libinit2.o(.ARM.Collect$$libinit$$0000002C)
    .ARM.Collect$$libinit$$0000002E          0x0000030c   Section        0  libinit2.o(.ARM.Collect$$libinit$$0000002E)
    .ARM.Collect$$libinit$$00000030          0x0000030c   Section        0  libinit2.o(.ARM.Collect$$libinit$$00000030)
    .ARM.Collect$$libinit$$00000031          0x0000030c   Section        2  libinit2.o(.ARM.Collect$$libinit$$00000031)
    .ARM.Collect$$libshutdown$$00000000      0x0000030e   Section        2  libshutdown.o(.ARM.Collect$$libshutdown$$00000000)
    .ARM.Collect$$libshutdown$$00000003      0x00000310   Section        0  libshutdown2.o(.ARM.Collect$$libshutdown$$00000003)
    .ARM.Collect$$libshutdown$$00000006      0x00000310   Section        0  libshutdown2.o(.ARM.Collect$$libshutdown$$00000006)
    .ARM.Collect$$libshutdown$$00000009      0x00000310   Section        0  libshutdown2.o(.ARM.Collect$$libshutdown$$00000009)
    .ARM.Collect$$libshutdown$$0000000B      0x00000310   Section        0  libshutdown2.o(.ARM.Collect$$libshutdown$$0000000B)
    .ARM.Collect$$libshutdown$$0000000E      0x00000310   Section        0  libshutdown2.o(.ARM.Collect$$libshutdown$$0000000E)
    .ARM.Collect$$libshutdown$$0000000F      0x00000310   Section        2  libshutdown2.o(.ARM.Collect$$libshutdown$$0000000F)
    .ARM.Collect$$rtentry$$00000000          0x00000312   Section        0  rtentry.o(.ARM.Collect$$rtentry$$00000000)
    .ARM.Collect$$rtentry$$00000002          0x00000312   Section        0  rtentry2.o(.ARM.Collect$$rtentry$$00000002)
    .ARM.Collect$$rtentry$$00000004          0x00000312   Section        6  rtentry4.o(.ARM.Collect$$rtentry$$00000004)
    .ARM.Collect$$rtentry$$00000009          0x00000318   Section        0  rtentry2.o(.ARM.Collect$$rtentry$$00000009)
    .ARM.Collect$$rtentry$$0000000A          0x00000318   Section        4  rtentry2.o(.ARM.Collect$$rtentry$$0000000A)
    .ARM.Collect$$rtentry$$0000000C          0x0000031c   Section        0  rtentry2.o(.ARM.Collect$$rtentry$$0000000C)
    .ARM.Collect$$rtentry$$0000000D          0x0000031c   Section        8  rtentry2.o(.ARM.Collect$$rtentry$$0000000D)
    .ARM.Collect$$rtexit$$00000000           0x00000324   Section        2  rtexit.o(.ARM.Collect$$rtexit$$00000000)
    .ARM.Collect$$rtexit$$00000002           0x00000326   Section        0  rtexit2.o(.ARM.Collect$$rtexit$$00000002)
    .ARM.Collect$$rtexit$$00000003           0x00000326   Section        4  rtexit2.o(.ARM.Collect$$rtexit$$00000003)
    .ARM.Collect$$rtexit$$00000004           0x0000032a   Section        6  rtexit2.o(.ARM.Collect$$rtexit$$00000004)
    .text                                    0x00000330   Section       48  startup.o(.text)
    .text                                    0x00000360   Section        0  atoi.o(.text)
    .text                                    0x0000037c   Section      128  strcmpv7m.o(.text)
    .text                                    0x000003fc   Section        0  heapauxi.o(.text)
    .text                                    0x00000404   Section        8  rt_errno_addr_intlibspace.o(.text)
    .text                                    0x0000040c   Section        0  strtol.o(.text)
    .text                                    0x0000047c   Section        8  libspace.o(.text)
    .text                                    0x00000484   Section       16  rt_ctype_table.o(.text)
    .text                                    0x00000494   Section        0  _strtoul.o(.text)
    .text                                    0x00000532   Section       74  sys_stackheap_outer.o(.text)
    .text                                    0x0000057c   Section        8  rt_locale_intlibspace.o(.text)
    .text                                    0x00000584   Section        0  _chval.o(.text)
    .text                                    0x000005a0   Section        0  exit.o(.text)
    .text                                    0x000005ac   Section        0  sys_exit.o(.text)
    .text                                    0x000005b8   Section        2  use_no_semi.o(.text)
    .text                                    0x000005ba   Section        0  indicate_semi.o(.text)
    i.ActivateGun                            0x000005bc   Section        0  uarttestmain.o(i.ActivateGun)
    i.BT_Init                                0x000005e0   Section        0  bluetooth.o(i.BT_Init)
    i.DeactivateGun                          0x0000068c   Section        0  uarttestmain.o(i.DeactivateGun)
    i.Delay                                  0x000006b0   Section        0  bluetooth.o(i.Delay)
    i.GPIOPortF_Handler                      0x000006cc   Section        0  uarttestmain.o(i.GPIOPortF_Handler)
    i.GetBluetooth                           0x0000071c   Section        0  uarttestmain.o(i.GetBluetooth)
    i.GetUART                                0x0000075c   Section        0  uarttestmain.o(i.GetUART)
    i.LaserOff                               0x00000864   Section        0  uarttestmain.o(i.LaserOff)
    i.LaserOn                                0x00000888   Section        0  uarttestmain.o(i.LaserOn)
    i.PortA_Init                             0x000008ac   Section        0  uarttestmain.o(i.PortA_Init)
    i.PortB_Init                             0x000009d0   Section        0  uarttestmain.o(i.PortB_Init)
    i.PortC_Init                             0x00000a58   Section        0  uarttestmain.o(i.PortC_Init)
    i.PortF_Init                             0x00000ae8   Section        0  uarttestmain.o(i.PortF_Init)
    i.ServoFeedback                          0x00000c98   Section        0  uarttestmain.o(i.ServoFeedback)
    i.StepOut                                0x00000d3c   Section        0  uarttestmain.o(i.StepOut)
    i.SysTick_Handler                        0x00000db8   Section        0  uarttestmain.o(i.SysTick_Handler)
    i.SysTick_Init                           0x00000e40   Section        0  uarttestmain.o(i.SysTick_Init)
    i.UART2_NonBlockingInChar                0x00000e60   Section        0  bluetooth.o(i.UART2_NonBlockingInChar)
    i.UART_InChar                            0x00000e7c   Section        0  uart.o(i.UART_InChar)
    i.UART_InString                          0x00000e94   Section        0  uart.o(i.UART_InString)
    i.UART_InUDec                            0x00000ed6   Section        0  uart.o(i.UART_InUDec)
    i.UART_Init                              0x00000f24   Section        0  uart.o(i.UART_Init)
    i.UART_OutChar                           0x00000fbc   Section        0  uart.o(i.UART_OutChar)
    i.UpdateServo                            0x00000fd4   Section        0  uarttestmain.o(i.UpdateServo)
    i.main                                   0x00000fe0   Section        0  uarttestmain.o(i.main)
    i.step_left                              0x00001034   Section        0  uarttestmain.o(i.step_left)
    i.step_right                             0x0000104c   Section        0  uarttestmain.o(i.step_right)
    i.step_thirtysecond                      0x00001064   Section        0  uarttestmain.o(i.step_thirtysecond)
    locale$$code                             0x00001080   Section       44  lc_ctype_c.o(locale$$code)
    locale$$data                             0x000010cc   Section      272  lc_ctype_c.o(locale$$data)
    __lcctype_c_name                         0x000010d0   Data           2  lc_ctype_c.o(locale$$data)
    __lcctype_c_start                        0x000010d8   Data           0  lc_ctype_c.o(locale$$data)
    __lcctype_c_end                          0x000011dc   Data           0  lc_ctype_c.o(locale$$data)
    .data                                    0x20000000   Section       59  uarttestmain.o(.data)
    .bss                                     0x2000003c   Section       96  libspace.o(.bss)
    HEAP                                     0x200000a0   Section        0  startup.o(HEAP)
    STACK                                    0x200000a0   Section     1024  startup.o(STACK)
    HeapMem                                  0x200000a0   Data           0  startup.o(HEAP)
    StackMem                                 0x200000a0   Data           0  startup.o(STACK)

    Global Symbols

    Symbol Name                              Value     Ov Type        Size  Object(Section)

    BuildAttributes$$THM_ISAv4$E$P$D$K$B$S$7EM$PE$A:L22UL41UL21$X:L11$S22US41US21$IEEE1$IW$USESV6$~STKCKD$USESV7$~SHL$OSPACE$ROPI$EBA8$UX$STANDARDLIB$REQ8$PRES8$EABIv2 0x00000000   Number         0  anon$$obj.o ABSOLUTE
    __ARM_use_no_argv                        0x00000000   Number         0  uarttestmain.o ABSOLUTE
    __Vectors                                0x00000000   Data           0  startup.o(RESET)
    __ARM_exceptions_init                     - Undefined Weak Reference
    __alloca_initialize                       - Undefined Weak Reference
    __cpp_initialize__aeabi_                  - Undefined Weak Reference
    __cxa_finalize                            - Undefined Weak Reference
    __sigvec_lookup                           - Undefined Weak Reference
    _atexit_init                              - Undefined Weak Reference
    _call_atexit_fns                          - Undefined Weak Reference
    _clock_init                               - Undefined Weak Reference
    _fp_trap_init                             - Undefined Weak Reference
    _fp_trap_shutdown                         - Undefined Weak Reference
    _get_lc_collate                           - Undefined Weak Reference
    _get_lc_monetary                          - Undefined Weak Reference
    _get_lc_numeric                           - Undefined Weak Reference
    _get_lc_time                              - Undefined Weak Reference
    _getenv_init                              - Undefined Weak Reference
    _handle_redirection                       - Undefined Weak Reference
    _init_alloc                               - Undefined Weak Reference
    _init_user_alloc                          - Undefined Weak Reference
    _initio                                   - Undefined Weak Reference
    _rand_init                                - Undefined Weak Reference
    _signal_finish                            - Undefined Weak Reference
    _signal_init                              - Undefined Weak Reference
    _terminate_alloc                          - Undefined Weak Reference
    _terminate_user_alloc                     - Undefined Weak Reference
    _terminateio                              - Undefined Weak Reference
    Reset_Handler                            0x0000026d   Thumb Code     0  startup.o(RESET)
    NMI_Handler                              0x00000271   Thumb Code     2  startup.o(RESET)
    HardFault_Handler                        0x00000273   Thumb Code     2  startup.o(RESET)
    MemManage_Handler                        0x00000275   Thumb Code     2  startup.o(RESET)
    BusFault_Handler                         0x00000277   Thumb Code     2  startup.o(RESET)
    UsageFault_Handler                       0x00000279   Thumb Code     2  startup.o(RESET)
    SVC_Handler                              0x0000027b   Thumb Code     2  startup.o(RESET)
    DebugMon_Handler                         0x0000027d   Thumb Code     2  startup.o(RESET)
    PendSV_Handler                           0x0000027f   Thumb Code     2  startup.o(RESET)
    ADC0Seq0_Handler                         0x00000283   Thumb Code     0  startup.o(RESET)
    ADC0Seq1_Handler                         0x00000283   Thumb Code     0  startup.o(RESET)
    ADC0Seq2_Handler                         0x00000283   Thumb Code     0  startup.o(RESET)
    ADC0Seq3_Handler                         0x00000283   Thumb Code     0  startup.o(RESET)
    ADC1Seq0_Handler                         0x00000283   Thumb Code     0  startup.o(RESET)
    ADC1Seq1_Handler                         0x00000283   Thumb Code     0  startup.o(RESET)
    ADC1Seq2_Handler                         0x00000283   Thumb Code     0  startup.o(RESET)
    ADC1Seq3_Handler                         0x00000283   Thumb Code     0  startup.o(RESET)
    CAN0_Handler                             0x00000283   Thumb Code     0  startup.o(RESET)
    CAN1_Handler                             0x00000283   Thumb Code     0  startup.o(RESET)
    CAN2_Handler                             0x00000283   Thumb Code     0  startup.o(RESET)
    Comp0_Handler                            0x00000283   Thumb Code     0  startup.o(RESET)
    Comp1_Handler                            0x00000283   Thumb Code     0  startup.o(RESET)
    Comp2_Handler                            0x00000283   Thumb Code     0  startup.o(RESET)
    Ethernet_Handler                         0x00000283   Thumb Code     0  startup.o(RESET)
    ExtBus_Handler                           0x00000283   Thumb Code     0  startup.o(RESET)
    FPU_Handler                              0x00000283   Thumb Code     0  startup.o(RESET)
    Fan0_Handler                             0x00000283   Thumb Code     0  startup.o(RESET)
    FlashCtl_Handler                         0x00000283   Thumb Code     0  startup.o(RESET)
    GPIOPortA_Handler                        0x00000283   Thumb Code     0  startup.o(RESET)
    GPIOPortB_Handler                        0x00000283   Thumb Code     0  startup.o(RESET)
    GPIOPortC_Handler                        0x00000283   Thumb Code     0  startup.o(RESET)
    GPIOPortD_Handler                        0x00000283   Thumb Code     0  startup.o(RESET)
    GPIOPortE_Handler                        0x00000283   Thumb Code     0  startup.o(RESET)
    GPIOPortG_Handler                        0x00000283   Thumb Code     0  startup.o(RESET)
    GPIOPortH_Handler                        0x00000283   Thumb Code     0  startup.o(RESET)
    GPIOPortJ_Handler                        0x00000283   Thumb Code     0  startup.o(RESET)
    GPIOPortK_Handler                        0x00000283   Thumb Code     0  startup.o(RESET)
    GPIOPortL_Handler                        0x00000283   Thumb Code     0  startup.o(RESET)
    GPIOPortM_Handler                        0x00000283   Thumb Code     0  startup.o(RESET)
    GPIOPortN_Handler                        0x00000283   Thumb Code     0  startup.o(RESET)
    GPIOPortP1_Handler                       0x00000283   Thumb Code     0  startup.o(RESET)
    GPIOPortP2_Handler                       0x00000283   Thumb Code     0  startup.o(RESET)
    GPIOPortP3_Handler                       0x00000283   Thumb Code     0  startup.o(RESET)
    GPIOPortP4_Handler                       0x00000283   Thumb Code     0  startup.o(RESET)
    GPIOPortP5_Handler                       0x00000283   Thumb Code     0  startup.o(RESET)
    GPIOPortP6_Handler                       0x00000283   Thumb Code     0  startup.o(RESET)
    GPIOPortP7_Handler                       0x00000283   Thumb Code     0  startup.o(RESET)
    GPIOPortP_Handler                        0x00000283   Thumb Code     0  startup.o(RESET)
    GPIOPortQ1_Handler                       0x00000283   Thumb Code     0  startup.o(RESET)
    GPIOPortQ2_Handler                       0x00000283   Thumb Code     0  startup.o(RESET)
    GPIOPortQ3_Handler                       0x00000283   Thumb Code     0  startup.o(RESET)
    GPIOPortQ4_Handler                       0x00000283   Thumb Code     0  startup.o(RESET)
    GPIOPortQ5_Handler                       0x00000283   Thumb Code     0  startup.o(RESET)
    GPIOPortQ6_Handler                       0x00000283   Thumb Code     0  startup.o(RESET)
    GPIOPortQ7_Handler                       0x00000283   Thumb Code     0  startup.o(RESET)
    GPIOPortQ_Handler                        0x00000283   Thumb Code     0  startup.o(RESET)
    GPIOPortR_Handler                        0x00000283   Thumb Code     0  startup.o(RESET)
    GPIOPortS_Handler                        0x00000283   Thumb Code     0  startup.o(RESET)
    Hibernate_Handler                        0x00000283   Thumb Code     0  startup.o(RESET)
    I2C0_Handler                             0x00000283   Thumb Code     0  startup.o(RESET)
    I2C1_Handler                             0x00000283   Thumb Code     0  startup.o(RESET)
    I2C2_Handler                             0x00000283   Thumb Code     0  startup.o(RESET)
    I2C3_Handler                             0x00000283   Thumb Code     0  startup.o(RESET)
    I2C4_Handler                             0x00000283   Thumb Code     0  startup.o(RESET)
    I2C5_Handler                             0x00000283   Thumb Code     0  startup.o(RESET)
    I2S0_Handler                             0x00000283   Thumb Code     0  startup.o(RESET)
    LPC0_Handler                             0x00000283   Thumb Code     0  startup.o(RESET)
    PECI0_Handler                            0x00000283   Thumb Code     0  startup.o(RESET)
    PWM0Fault_Handler                        0x00000283   Thumb Code     0  startup.o(RESET)
    PWM0Generator0_Handler                   0x00000283   Thumb Code     0  startup.o(RESET)
    PWM0Generator1_Handler                   0x00000283   Thumb Code     0  startup.o(RESET)
    PWM0Generator2_Handler                   0x00000283   Thumb Code     0  startup.o(RESET)
    PWM0Generator3_Handler                   0x00000283   Thumb Code     0  startup.o(RESET)
    PWM1Fault_Handler                        0x00000283   Thumb Code     0  startup.o(RESET)
    PWM1Generator0_Handler                   0x00000283   Thumb Code     0  startup.o(RESET)
    PWM1Generator1_Handler                   0x00000283   Thumb Code     0  startup.o(RESET)
    PWM1Generator2_Handler                   0x00000283   Thumb Code     0  startup.o(RESET)
    PWM1Generator3_Handler                   0x00000283   Thumb Code     0  startup.o(RESET)
    Quadrature0_Handler                      0x00000283   Thumb Code     0  startup.o(RESET)
    Quadrature1_Handler                      0x00000283   Thumb Code     0  startup.o(RESET)
    Quadrature2_Handler                      0x00000283   Thumb Code     0  startup.o(RESET)
    SSI0_Handler                             0x00000283   Thumb Code     0  startup.o(RESET)
    SSI1_Handler                             0x00000283   Thumb Code     0  startup.o(RESET)
    SSI2_Handler                             0x00000283   Thumb Code     0  startup.o(RESET)
    SSI3_Handler                             0x00000283   Thumb Code     0  startup.o(RESET)
    SysCtl_Handler                           0x00000283   Thumb Code     0  startup.o(RESET)
    Timer0A_Handler                          0x00000283   Thumb Code     0  startup.o(RESET)
    Timer0B_Handler                          0x00000283   Thumb Code     0  startup.o(RESET)
    Timer1A_Handler                          0x00000283   Thumb Code     0  startup.o(RESET)
    Timer1B_Handler                          0x00000283   Thumb Code     0  startup.o(RESET)
    Timer2A_Handler                          0x00000283   Thumb Code     0  startup.o(RESET)
    Timer2B_Handler                          0x00000283   Thumb Code     0  startup.o(RESET)
    Timer3A_Handler                          0x00000283   Thumb Code     0  startup.o(RESET)
    Timer3B_Handler                          0x00000283   Thumb Code     0  startup.o(RESET)
    Timer4A_Handler                          0x00000283   Thumb Code     0  startup.o(RESET)
    Timer4B_Handler                          0x00000283   Thumb Code     0  startup.o(RESET)
    Timer5A_Handler                          0x00000283   Thumb Code     0  startup.o(RESET)
    Timer5B_Handler                          0x00000283   Thumb Code     0  startup.o(RESET)
    UART0_Handler                            0x00000283   Thumb Code     0  startup.o(RESET)
    UART1_Handler                            0x00000283   Thumb Code     0  startup.o(RESET)
    UART2_Handler                            0x00000283   Thumb Code     0  startup.o(RESET)
    UART3_Handler                            0x00000283   Thumb Code     0  startup.o(RESET)
    UART4_Handler                            0x00000283   Thumb Code     0  startup.o(RESET)
    UART5_Handler                            0x00000283   Thumb Code     0  startup.o(RESET)
    UART6_Handler                            0x00000283   Thumb Code     0  startup.o(RESET)
    UART7_Handler                            0x00000283   Thumb Code     0  startup.o(RESET)
    USB0_Handler                             0x00000283   Thumb Code     0  startup.o(RESET)
    WDT_Handler                              0x00000283   Thumb Code     0  startup.o(RESET)
    WideTimer0A_Handler                      0x00000283   Thumb Code     0  startup.o(RESET)
    WideTimer0B_Handler                      0x00000283   Thumb Code     0  startup.o(RESET)
    WideTimer1A_Handler                      0x00000283   Thumb Code     0  startup.o(RESET)
    WideTimer1B_Handler                      0x00000283   Thumb Code     0  startup.o(RESET)
    WideTimer2A_Handler                      0x00000283   Thumb Code     0  startup.o(RESET)
    WideTimer2B_Handler                      0x00000283   Thumb Code     0  startup.o(RESET)
    WideTimer3A_Handler                      0x00000283   Thumb Code     0  startup.o(RESET)
    WideTimer3B_Handler                      0x00000283   Thumb Code     0  startup.o(RESET)
    WideTimer4A_Handler                      0x00000283   Thumb Code     0  startup.o(RESET)
    WideTimer4B_Handler                      0x00000283   Thumb Code     0  startup.o(RESET)
    WideTimer5A_Handler                      0x00000283   Thumb Code     0  startup.o(RESET)
    WideTimer5B_Handler                      0x00000283   Thumb Code     0  startup.o(RESET)
    uDMA_Error                               0x00000283   Thumb Code     0  startup.o(RESET)
    uDMA_Handler                             0x00000283   Thumb Code     0  startup.o(RESET)
    __main                                   0x00000285   Thumb Code     8  __main.o(!!!main)
    __scatterload                            0x0000028d   Thumb Code     0  __scatter.o(!!!scatter)
    __scatterload_rt2                        0x0000028d   Thumb Code    44  __scatter.o(!!!scatter)
    __scatterload_rt2_thumb_only             0x0000028d   Thumb Code     0  __scatter.o(!!!scatter)
    __scatterload_null                       0x0000029b   Thumb Code     0  __scatter.o(!!!scatter)
    __scatterload_copy                       0x000002c1   Thumb Code    26  __scatter_copy.o(!!handler_copy)
    __scatterload_zeroinit                   0x000002dd   Thumb Code    28  __scatter_zi.o(!!handler_zi)
    __rt_lib_init                            0x000002f9   Thumb Code     0  libinit.o(.ARM.Collect$$libinit$$00000000)
    __rt_lib_init_fp_1                       0x000002fb   Thumb Code     0  libinit2.o(.ARM.Collect$$libinit$$00000002)
    __rt_lib_init_heap_1                     0x000002fb   Thumb Code     0  libinit2.o(.ARM.Collect$$libinit$$00000008)
    __rt_lib_init_lc_common                  0x000002fb   Thumb Code     0  libinit2.o(.ARM.Collect$$libinit$$0000000D)
    __rt_lib_init_rand_1                     0x000002fb   Thumb Code     0  libinit2.o(.ARM.Collect$$libinit$$0000000C)
    __rt_lib_init_user_alloc_1               0x000002fb   Thumb Code     0  libinit2.o(.ARM.Collect$$libinit$$0000000A)
    __rt_lib_init_lc_collate_1               0x00000301   Thumb Code     0  libinit2.o(.ARM.Collect$$libinit$$0000000F)
    __rt_lib_init_lc_ctype_2                 0x00000301   Thumb Code     0  libinit2.o(.ARM.Collect$$libinit$$00000010)
    __rt_lib_init_alloca_1                   0x0000030d   Thumb Code     0  libinit2.o(.ARM.Collect$$libinit$$0000002C)
    __rt_lib_init_argv_1                     0x0000030d   Thumb Code     0  libinit2.o(.ARM.Collect$$libinit$$0000002A)
    __rt_lib_init_atexit_1                   0x0000030d   Thumb Code     0  libinit2.o(.ARM.Collect$$libinit$$00000019)
    __rt_lib_init_clock_1                    0x0000030d   Thumb Code     0  libinit2.o(.ARM.Collect$$libinit$$0000001F)
    __rt_lib_init_cpp_1                      0x0000030d   Thumb Code     0  libinit2.o(.ARM.Collect$$libinit$$00000030)
    __rt_lib_init_exceptions_1               0x0000030d   Thumb Code     0  libinit2.o(.ARM.Collect$$libinit$$0000002E)
    __rt_lib_init_fp_trap_1                  0x0000030d   Thumb Code     0  libinit2.o(.ARM.Collect$$libinit$$0000001D)
    __rt_lib_init_getenv_1                   0x0000030d   Thumb Code     0  libinit2.o(.ARM.Collect$$libinit$$00000021)
    __rt_lib_init_lc_ctype_1                 0x0000030d   Thumb Code     0  libinit2.o(.ARM.Collect$$libinit$$00000011)
    __rt_lib_init_lc_monetary_1              0x0000030d   Thumb Code     0  libinit2.o(.ARM.Collect$$libinit$$00000013)
    __rt_lib_init_lc_numeric_1               0x0000030d   Thumb Code     0  libinit2.o(.ARM.Collect$$libinit$$00000015)
    __rt_lib_init_lc_time_1                  0x0000030d   Thumb Code     0  libinit2.o(.ARM.Collect$$libinit$$00000017)
    __rt_lib_init_return                     0x0000030d   Thumb Code     0  libinit2.o(.ARM.Collect$$libinit$$00000031)
    __rt_lib_init_signal_1                   0x0000030d   Thumb Code     0  libinit2.o(.ARM.Collect$$libinit$$0000001B)
    __rt_lib_init_stdio_1                    0x0000030d   Thumb Code     0  libinit2.o(.ARM.Collect$$libinit$$00000023)
    __rt_lib_shutdown                        0x0000030f   Thumb Code     0  libshutdown.o(.ARM.Collect$$libshutdown$$00000000)
    __rt_lib_shutdown_fp_trap_1              0x00000311   Thumb Code     0  libshutdown2.o(.ARM.Collect$$libshutdown$$00000006)
    __rt_lib_shutdown_heap_1                 0x00000311   Thumb Code     0  libshutdown2.o(.ARM.Collect$$libshutdown$$0000000E)
    __rt_lib_shutdown_return                 0x00000311   Thumb Code     0  libshutdown2.o(.ARM.Collect$$libshutdown$$0000000F)
    __rt_lib_shutdown_signal_1               0x00000311   Thumb Code     0  libshutdown2.o(.ARM.Collect$$libshutdown$$00000009)
    __rt_lib_shutdown_stdio_1                0x00000311   Thumb Code     0  libshutdown2.o(.ARM.Collect$$libshutdown$$00000003)
    __rt_lib_shutdown_user_alloc_1           0x00000311   Thumb Code     0  libshutdown2.o(.ARM.Collect$$libshutdown$$0000000B)
    __rt_entry                               0x00000313   Thumb Code     0  rtentry.o(.ARM.Collect$$rtentry$$00000000)
    __rt_entry_presh_1                       0x00000313   Thumb Code     0  rtentry2.o(.ARM.Collect$$rtentry$$00000002)
    __rt_entry_sh                            0x00000313   Thumb Code     0  rtentry4.o(.ARM.Collect$$rtentry$$00000004)
    __rt_entry_li                            0x00000319   Thumb Code     0  rtentry2.o(.ARM.Collect$$rtentry$$0000000A)
    __rt_entry_postsh_1                      0x00000319   Thumb Code     0  rtentry2.o(.ARM.Collect$$rtentry$$00000009)
    __rt_entry_main                          0x0000031d   Thumb Code     0  rtentry2.o(.ARM.Collect$$rtentry$$0000000D)
    __rt_entry_postli_1                      0x0000031d   Thumb Code     0  rtentry2.o(.ARM.Collect$$rtentry$$0000000C)
    __rt_exit                                0x00000325   Thumb Code     0  rtexit.o(.ARM.Collect$$rtexit$$00000000)
    __rt_exit_ls                             0x00000327   Thumb Code     0  rtexit2.o(.ARM.Collect$$rtexit$$00000003)
    __rt_exit_prels_1                        0x00000327   Thumb Code     0  rtexit2.o(.ARM.Collect$$rtexit$$00000002)
    __rt_exit_exit                           0x0000032b   Thumb Code     0  rtexit2.o(.ARM.Collect$$rtexit$$00000004)
    DisableInterrupts                        0x00000331   Thumb Code     0  startup.o(.text)
    EnableInterrupts                         0x00000335   Thumb Code     0  startup.o(.text)
    StartCritical                            0x00000339   Thumb Code     0  startup.o(.text)
    EndCritical                              0x00000341   Thumb Code     0  startup.o(.text)
    WaitForInterrupt                         0x00000347   Thumb Code     0  startup.o(.text)
    __user_initial_stackheap                 0x0000034b   Thumb Code     0  startup.o(.text)
    atoi                                     0x00000361   Thumb Code    26  atoi.o(.text)
    strcmp                                   0x0000037d   Thumb Code   128  strcmpv7m.o(.text)
    __use_two_region_memory                  0x000003fd   Thumb Code     2  heapauxi.o(.text)
    __rt_heap_escrow$2region                 0x000003ff   Thumb Code     2  heapauxi.o(.text)
    __rt_heap_expand$2region                 0x00000401   Thumb Code     2  heapauxi.o(.text)
    __aeabi_errno_addr                       0x00000405   Thumb Code     8  rt_errno_addr_intlibspace.o(.text)
    __errno$intlibspace                      0x00000405   Thumb Code     0  rt_errno_addr_intlibspace.o(.text)
    __rt_errno_addr$intlibspace              0x00000405   Thumb Code     0  rt_errno_addr_intlibspace.o(.text)
    strtol                                   0x0000040d   Thumb Code   112  strtol.o(.text)
    __user_libspace                          0x0000047d   Thumb Code     8  libspace.o(.text)
    __user_perproc_libspace                  0x0000047d   Thumb Code     0  libspace.o(.text)
    __user_perthread_libspace                0x0000047d   Thumb Code     0  libspace.o(.text)
    __rt_ctype_table                         0x00000485   Thumb Code    16  rt_ctype_table.o(.text)
    _strtoul                                 0x00000495   Thumb Code   158  _strtoul.o(.text)
    __user_setup_stackheap                   0x00000533   Thumb Code    74  sys_stackheap_outer.o(.text)
    __rt_locale                              0x0000057d   Thumb Code     8  rt_locale_intlibspace.o(.text)
    _chval                                   0x00000585   Thumb Code    28  _chval.o(.text)
    exit                                     0x000005a1   Thumb Code    12  exit.o(.text)
    _sys_exit                                0x000005ad   Thumb Code     8  sys_exit.o(.text)
    __I$use$semihosting                      0x000005b9   Thumb Code     0  use_no_semi.o(.text)
    __use_no_semihosting_swi                 0x000005b9   Thumb Code     2  use_no_semi.o(.text)
    __semihosting_library_function           0x000005bb   Thumb Code     0  indicate_semi.o(.text)
    ActivateGun                              0x000005bd   Thumb Code    24  uarttestmain.o(i.ActivateGun)
    BT_Init                                  0x000005e1   Thumb Code   148  bluetooth.o(i.BT_Init)
    DeactivateGun                            0x0000068d   Thumb Code    24  uarttestmain.o(i.DeactivateGun)
    Delay                                    0x000006b1   Thumb Code    22  bluetooth.o(i.Delay)
    GPIOPortF_Handler                        0x000006cd   Thumb Code    68  uarttestmain.o(i.GPIOPortF_Handler)
    GetBluetooth                             0x0000071d   Thumb Code    60  uarttestmain.o(i.GetBluetooth)
    GetUART                                  0x0000075d   Thumb Code   198  uarttestmain.o(i.GetUART)
    LaserOff                                 0x00000865   Thumb Code    24  uarttestmain.o(i.LaserOff)
    LaserOn                                  0x00000889   Thumb Code    24  uarttestmain.o(i.LaserOn)
    PortA_Init                               0x000008ad   Thumb Code   242  uarttestmain.o(i.PortA_Init)
    PortB_Init                               0x000009d1   Thumb Code   106  uarttestmain.o(i.PortB_Init)
    PortC_Init                               0x00000a59   Thumb Code   114  uarttestmain.o(i.PortC_Init)
    PortF_Init                               0x00000ae9   Thumb Code   358  uarttestmain.o(i.PortF_Init)
    ServoFeedback                            0x00000c99   Thumb Code   150  uarttestmain.o(i.ServoFeedback)
    StepOut                                  0x00000d3d   Thumb Code   112  uarttestmain.o(i.StepOut)
    SysTick_Handler                          0x00000db9   Thumb Code   114  uarttestmain.o(i.SysTick_Handler)
    SysTick_Init                             0x00000e41   Thumb Code    30  uarttestmain.o(i.SysTick_Init)
    UART2_NonBlockingInChar                  0x00000e61   Thumb Code    22  bluetooth.o(i.UART2_NonBlockingInChar)
    UART_InChar                              0x00000e7d   Thumb Code    20  uart.o(i.UART_InChar)
    UART_InString                            0x00000e95   Thumb Code    66  uart.o(i.UART_InString)
    UART_InUDec                              0x00000ed7   Thumb Code    76  uart.o(i.UART_InUDec)
    UART_Init                                0x00000f25   Thumb Code   126  uart.o(i.UART_Init)
    UART_OutChar                             0x00000fbd   Thumb Code    18  uart.o(i.UART_OutChar)
    UpdateServo                              0x00000fd5   Thumb Code     6  uarttestmain.o(i.UpdateServo)
    main                                     0x00000fe1   Thumb Code    72  uarttestmain.o(i.main)
    step_left                                0x00001035   Thumb Code    16  uarttestmain.o(i.step_left)
    step_right                               0x0000104d   Thumb Code    16  uarttestmain.o(i.step_right)
    step_thirtysecond                        0x00001065   Thumb Code    20  uarttestmain.o(i.step_thirtysecond)
    _get_lc_ctype                            0x00001081   Thumb Code    44  lc_ctype_c.o(locale$$code)
    Region$$Table$$Base                      0x000010ac   Number         0  anon$$obj.o(Region$$Table)
    Region$$Table$$Limit                     0x000010cc   Number         0  anon$$obj.o(Region$$Table)
    __ctype                                  0x000010d9   Data           0  lc_ctype_c.o(locale$$data)
    en                                       0x20000000   Data           4  uarttestmain.o(.data)
    STEP_COUNT                               0x20000004   Data           4  uarttestmain.o(.data)
    step_en                                  0x20000008   Data           1  uarttestmain.o(.data)
    NewDataFlag                              0x20000009   Data           1  uarttestmain.o(.data)
    servo_basic                              0x2000000c   Data           4  uarttestmain.o(.data)
    Servo_pwm                                0x20000010   Data           8  uarttestmain.o(.data)
    FiringFlag                               0x20000018   Data           1  uarttestmain.o(.data)
    GreenLaserOnFlag                         0x20000019   Data           1  uarttestmain.o(.data)
    xGreen                                   0x2000001c   Data           4  uarttestmain.o(.data)
    yGreen                                   0x20000020   Data           4  uarttestmain.o(.data)
    xRed                                     0x20000024   Data           4  uarttestmain.o(.data)
    yRed                                     0x20000028   Data           4  uarttestmain.o(.data)
    STRT                                     0x2000002c   Data           5  uarttestmain.o(.data)
    STOP                                     0x20000031   Data           5  uarttestmain.o(.data)
    test                                     0x20000036   Data           5  uarttestmain.o(.data)
    __libspace_start                         0x2000003c   Data          96  libspace.o(.bss)
    __temporary_stack_top$libspace           0x2000009c   Data           0  libspace.o(.bss)



==============================================================================

Memory Map of the image

  Image Entry point : 0x0000026d

  Load Region LR_1 (Base: 0x00000000, Size: 0x00001218, Max: 0xffffffff, ABSOLUTE)

    Execution Region ER_RO (Base: 0x00000000, Size: 0x000011dc, Max: 0xffffffff, ABSOLUTE)

    Base Addr    Size         Type   Attr      Idx    E Section Name        Object

    0x00000000   0x00000284   Code   RO            3  * RESET               startup.o
    0x00000284   0x00000008   Code   RO          333  * !!!main             c_w.l(__main.o)
    0x0000028c   0x00000034   Code   RO          508    !!!scatter          c_w.l(__scatter.o)
    0x000002c0   0x0000001a   Code   RO          510    !!handler_copy      c_w.l(__scatter_copy.o)
    0x000002da   0x00000002   PAD
    0x000002dc   0x0000001c   Code   RO          512    !!handler_zi        c_w.l(__scatter_zi.o)
    0x000002f8   0x00000002   Code   RO          384    .ARM.Collect$$libinit$$00000000  c_w.l(libinit.o)
    0x000002fa   0x00000000   Code   RO          388    .ARM.Collect$$libinit$$00000002  c_w.l(libinit2.o)
    0x000002fa   0x00000000   Code   RO          391    .ARM.Collect$$libinit$$00000008  c_w.l(libinit2.o)
    0x000002fa   0x00000000   Code   RO          393    .ARM.Collect$$libinit$$0000000A  c_w.l(libinit2.o)
    0x000002fa   0x00000000   Code   RO          395    .ARM.Collect$$libinit$$0000000C  c_w.l(libinit2.o)
    0x000002fa   0x00000006   Code   RO          396    .ARM.Collect$$libinit$$0000000D  c_w.l(libinit2.o)
    0x00000300   0x00000000   Code   RO          398    .ARM.Collect$$libinit$$0000000F  c_w.l(libinit2.o)
    0x00000300   0x0000000c   Code   RO          399    .ARM.Collect$$libinit$$00000010  c_w.l(libinit2.o)
    0x0000030c   0x00000000   Code   RO          400    .ARM.Collect$$libinit$$00000011  c_w.l(libinit2.o)
    0x0000030c   0x00000000   Code   RO          402    .ARM.Collect$$libinit$$00000013  c_w.l(libinit2.o)
    0x0000030c   0x00000000   Code   RO          404    .ARM.Collect$$libinit$$00000015  c_w.l(libinit2.o)
    0x0000030c   0x00000000   Code   RO          406    .ARM.Collect$$libinit$$00000017  c_w.l(libinit2.o)
    0x0000030c   0x00000000   Code   RO          408    .ARM.Collect$$libinit$$00000019  c_w.l(libinit2.o)
    0x0000030c   0x00000000   Code   RO          410    .ARM.Collect$$libinit$$0000001B  c_w.l(libinit2.o)
    0x0000030c   0x00000000   Code   RO          412    .ARM.Collect$$libinit$$0000001D  c_w.l(libinit2.o)
    0x0000030c   0x00000000   Code   RO          414    .ARM.Collect$$libinit$$0000001F  c_w.l(libinit2.o)
    0x0000030c   0x00000000   Code   RO          416    .ARM.Collect$$libinit$$00000021  c_w.l(libinit2.o)
    0x0000030c   0x00000000   Code   RO          418    .ARM.Collect$$libinit$$00000023  c_w.l(libinit2.o)
    0x0000030c   0x00000000   Code   RO          422    .ARM.Collect$$libinit$$0000002A  c_w.l(libinit2.o)
    0x0000030c   0x00000000   Code   RO          424    .ARM.Collect$$libinit$$0000002C  c_w.l(libinit2.o)
    0x0000030c   0x00000000   Code   RO          426    .ARM.Collect$$libinit$$0000002E  c_w.l(libinit2.o)
    0x0000030c   0x00000000   Code   RO          428    .ARM.Collect$$libinit$$00000030  c_w.l(libinit2.o)
    0x0000030c   0x00000002   Code   RO          429    .ARM.Collect$$libinit$$00000031  c_w.l(libinit2.o)
    0x0000030e   0x00000002   Code   RO          449    .ARM.Collect$$libshutdown$$00000000  c_w.l(libshutdown.o)
    0x00000310   0x00000000   Code   RO          463    .ARM.Collect$$libshutdown$$00000003  c_w.l(libshutdown2.o)
    0x00000310   0x00000000   Code   RO          466    .ARM.Collect$$libshutdown$$00000006  c_w.l(libshutdown2.o)
    0x00000310   0x00000000   Code   RO          469    .ARM.Collect$$libshutdown$$00000009  c_w.l(libshutdown2.o)
    0x00000310   0x00000000   Code   RO          471    .ARM.Collect$$libshutdown$$0000000B  c_w.l(libshutdown2.o)
    0x00000310   0x00000000   Code   RO          474    .ARM.Collect$$libshutdown$$0000000E  c_w.l(libshutdown2.o)
    0x00000310   0x00000002   Code   RO          475    .ARM.Collect$$libshutdown$$0000000F  c_w.l(libshutdown2.o)
    0x00000312   0x00000000   Code   RO          335    .ARM.Collect$$rtentry$$00000000  c_w.l(rtentry.o)
    0x00000312   0x00000000   Code   RO          347    .ARM.Collect$$rtentry$$00000002  c_w.l(rtentry2.o)
    0x00000312   0x00000006   Code   RO          359    .ARM.Collect$$rtentry$$00000004  c_w.l(rtentry4.o)
    0x00000318   0x00000000   Code   RO          349    .ARM.Collect$$rtentry$$00000009  c_w.l(rtentry2.o)
    0x00000318   0x00000004   Code   RO          350    .ARM.Collect$$rtentry$$0000000A  c_w.l(rtentry2.o)
    0x0000031c   0x00000000   Code   RO          352    .ARM.Collect$$rtentry$$0000000C  c_w.l(rtentry2.o)
    0x0000031c   0x00000008   Code   RO          353    .ARM.Collect$$rtentry$$0000000D  c_w.l(rtentry2.o)
    0x00000324   0x00000002   Code   RO          385    .ARM.Collect$$rtexit$$00000000  c_w.l(rtexit.o)
    0x00000326   0x00000000   Code   RO          431    .ARM.Collect$$rtexit$$00000002  c_w.l(rtexit2.o)
    0x00000326   0x00000004   Code   RO          432    .ARM.Collect$$rtexit$$00000003  c_w.l(rtexit2.o)
    0x0000032a   0x00000006   Code   RO          433    .ARM.Collect$$rtexit$$00000004  c_w.l(rtexit2.o)
    0x00000330   0x00000030   Code   RO            4    .text               startup.o
    0x00000360   0x0000001a   Code   RO          327    .text               c_w.l(atoi.o)
    0x0000037a   0x00000002   PAD
    0x0000037c   0x00000080   Code   RO          329    .text               c_w.l(strcmpv7m.o)
    0x000003fc   0x00000006   Code   RO          331    .text               c_w.l(heapauxi.o)
    0x00000402   0x00000002   PAD
    0x00000404   0x00000008   Code   RO          339    .text               c_w.l(rt_errno_addr_intlibspace.o)
    0x0000040c   0x00000070   Code   RO          341    .text               c_w.l(strtol.o)
    0x0000047c   0x00000008   Code   RO          343    .text               c_w.l(libspace.o)
    0x00000484   0x00000010   Code   RO          361    .text               c_w.l(rt_ctype_table.o)
    0x00000494   0x0000009e   Code   RO          363    .text               c_w.l(_strtoul.o)
    0x00000532   0x0000004a   Code   RO          365    .text               c_w.l(sys_stackheap_outer.o)
    0x0000057c   0x00000008   Code   RO          370    .text               c_w.l(rt_locale_intlibspace.o)
    0x00000584   0x0000001c   Code   RO          372    .text               c_w.l(_chval.o)
    0x000005a0   0x0000000c   Code   RO          377    .text               c_w.l(exit.o)
    0x000005ac   0x0000000c   Code   RO          441    .text               c_w.l(sys_exit.o)
    0x000005b8   0x00000002   Code   RO          452    .text               c_w.l(use_no_semi.o)
    0x000005ba   0x00000000   Code   RO          454    .text               c_w.l(indicate_semi.o)
    0x000005ba   0x00000002   PAD
    0x000005bc   0x00000024   Code   RO           94    i.ActivateGun       uarttestmain.o
    0x000005e0   0x000000ac   Code   RO          271    i.BT_Init           bluetooth.o
    0x0000068c   0x00000024   Code   RO           95    i.DeactivateGun     uarttestmain.o
    0x000006b0   0x0000001c   Code   RO          272    i.Delay             bluetooth.o
    0x000006cc   0x00000050   Code   RO           96    i.GPIOPortF_Handler  uarttestmain.o
    0x0000071c   0x00000040   Code   RO           97    i.GetBluetooth      uarttestmain.o
    0x0000075c   0x00000108   Code   RO           98    i.GetUART           uarttestmain.o
    0x00000864   0x00000024   Code   RO           99    i.LaserOff          uarttestmain.o
    0x00000888   0x00000024   Code   RO          100    i.LaserOn           uarttestmain.o
    0x000008ac   0x00000124   Code   RO          103    i.PortA_Init        uarttestmain.o
    0x000009d0   0x00000088   Code   RO          104    i.PortB_Init        uarttestmain.o
    0x00000a58   0x00000090   Code   RO          105    i.PortC_Init        uarttestmain.o
    0x00000ae8   0x000001b0   Code   RO          106    i.PortF_Init        uarttestmain.o
    0x00000c98   0x000000a4   Code   RO          107    i.ServoFeedback     uarttestmain.o
    0x00000d3c   0x0000007c   Code   RO          108    i.StepOut           uarttestmain.o
    0x00000db8   0x00000088   Code   RO          109    i.SysTick_Handler   uarttestmain.o
    0x00000e40   0x0000001e   Code   RO          110    i.SysTick_Init      uarttestmain.o
    0x00000e5e   0x00000002   PAD
    0x00000e60   0x0000001c   Code   RO          275    i.UART2_NonBlockingInChar  bluetooth.o
    0x00000e7c   0x00000018   Code   RO           28    i.UART_InChar       uart.o
    0x00000e94   0x00000042   Code   RO           29    i.UART_InString     uart.o
    0x00000ed6   0x0000004c   Code   RO           30    i.UART_InUDec       uart.o
    0x00000f22   0x00000002   PAD
    0x00000f24   0x00000098   Code   RO           32    i.UART_Init         uart.o
    0x00000fbc   0x00000018   Code   RO           33    i.UART_OutChar      uart.o
    0x00000fd4   0x0000000c   Code   RO          111    i.UpdateServo       uarttestmain.o
    0x00000fe0   0x00000054   Code   RO          112    i.main              uarttestmain.o
    0x00001034   0x00000018   Code   RO          116    i.step_left         uarttestmain.o
    0x0000104c   0x00000018   Code   RO          118    i.step_right        uarttestmain.o
    0x00001064   0x0000001c   Code   RO          120    i.step_thirtysecond  uarttestmain.o
    0x00001080   0x0000002c   Code   RO          375    locale$$code        c_w.l(lc_ctype_c.o)
    0x000010ac   0x00000020   Data   RO          506    Region$$Table       anon$$obj.o
    0x000010cc   0x00000110   Data   RO          374    locale$$data        c_w.l(lc_ctype_c.o)


    Execution Region ER_RW (Base: 0x20000000, Size: 0x0000003c, Max: 0xffffffff, ABSOLUTE)

    Base Addr    Size         Type   Attr      Idx    E Section Name        Object

    0x20000000   0x0000003b   Data   RW          121    .data               uarttestmain.o


    Execution Region ER_ZI (Base: 0x2000003c, Size: 0x00000464, Max: 0xffffffff, ABSOLUTE)

    Base Addr    Size         Type   Attr      Idx    E Section Name        Object

    0x2000003c   0x00000060   Zero   RW          344    .bss                c_w.l(libspace.o)
    0x2000009c   0x00000004   PAD
    0x200000a0   0x00000000   Zero   RW            2    HEAP                startup.o
    0x200000a0   0x00000400   Zero   RW            1    STACK               startup.o


==============================================================================

Image component sizes


      Code (inc. data)   RO Data    RW Data    ZI Data      Debug   Object Name

       228         36          0          0          0       1264   bluetooth.o
         0          0          0          0          0       1444   pll.o
       692        632          0          0       1024        892   startup.o
       342         36          0          0          0       2239   uart.o
      2182        404          0         59          0       9606   uarttestmain.o

    ----------------------------------------------------------------------
      3448       1108         32         60       1024      15445   Object Totals
         0          0         32          0          0          0   (incl. Generated)
         4          0          0          1          0          0   (incl. Padding)

    ----------------------------------------------------------------------

      Code (inc. data)   RO Data    RW Data    ZI Data      Debug   Library Member Name

         8          0          0          0          0         68   __main.o
        52          8          0          0          0          0   __scatter.o
        26          0          0          0          0          0   __scatter_copy.o
        28          0          0          0          0          0   __scatter_zi.o
        28          0          0          0          0         68   _chval.o
       158          0          0          0          0         92   _strtoul.o
        26          0          0          0          0         80   atoi.o
        12          0          0          0          0         72   exit.o
         6          0          0          0          0        152   heapauxi.o
         0          0          0          0          0          0   indicate_semi.o
        44         10        272          0          0         76   lc_ctype_c.o
         2          0          0          0          0          0   libinit.o
        20          0          0          0          0          0   libinit2.o
         2          0          0          0          0          0   libshutdown.o
         2          0          0          0          0          0   libshutdown2.o
         8          4          0          0         96         68   libspace.o
        16          4          0          0          0         76   rt_ctype_table.o
         8          4          0          0          0         68   rt_errno_addr_intlibspace.o
         8          4          0          0          0         68   rt_locale_intlibspace.o
         0          0          0          0          0          0   rtentry.o
        12          0          0          0          0          0   rtentry2.o
         6          0          0          0          0          0   rtentry4.o
         2          0          0          0          0          0   rtexit.o
        10          0          0          0          0          0   rtexit2.o
       128          0          0          0          0         68   strcmpv7m.o
       112          0          0          0          0         88   strtol.o
        12          4          0          0          0         68   sys_exit.o
        74          0          0          0          0         80   sys_stackheap_outer.o
         2          0          0          0          0         68   use_no_semi.o

    ----------------------------------------------------------------------
       820         38        272          0        100       1260   Library Totals
         8          0          0          0          4          0   (incl. Padding)

    ----------------------------------------------------------------------

      Code (inc. data)   RO Data    RW Data    ZI Data      Debug   Library Name

       812         38        272          0         96       1260   c_w.l

    ----------------------------------------------------------------------
       820         38        272          0        100       1260   Library Totals

    ----------------------------------------------------------------------

==============================================================================


      Code (inc. data)   RO Data    RW Data    ZI Data      Debug   

      4268       1146        304         60       1124      14729   Grand Totals
      4268       1146        304         60       1124      14729   ELF Image Totals
      4268       1146        304         60          0          0   ROM Totals

==============================================================================

    Total RO  Size (Code + RO Data)                 4572 (   4.46kB)
    Total RW  Size (RW Data + ZI Data)              1184 (   1.16kB)
    Total ROM Size (Code + RO Data + RW Data)       4632 (   4.52kB)

==============================================================================

