<html>
<body>
<pre>
<h1>µVision Build Log</h1>
<h2>Project:</h2>
C:\Users\Jesus Luciano\Desktop\ALTF4\ALTF4_TM4C\BT_Car.uvproj
Project File Date:  11/24/2019

<h2>Output:</h2>
Rebuild target 'UART'
assembling startup.s...
compiling PLL.c...
compiling UART.c...
compiling UARTTestMain.c...
compiling bluetooth.c...
linking...
Program Size: Code=4268 RO-data=304 RW-data=60 ZI-data=1124  
".\UART.axf" - 0 Error(s), 0 Warning(s).
Load "C:\\Users\\Jesus Luciano\\Desktop\\ALTF4\\ALTF4_TM4C\\UART.axf" 
Connecting: Mode=JTAG, Speed=1000000Hz
Erase Done.
Programming Done.
Verify OK.
</pre>
</body>
</html>
\UART.axf" - 2 Error(s), 0 Warning(s).
Target not created
Load "C:\\Users\\Jesus Luciano\\Desktop\\ALTF4\\ALTF4_TM4C\\UART.axf" 
_____^
*** error 56: cannot open file
Error: Flash Download failed  -  Could not load file 'C:\Users\Jesus Luciano\Desktop\ALTF4\ALTF4_TM4C\UART.axf'
